// Jest Snapshot v1, https://goo.gl/fbAQLP

exports[`<SubmitButton /> Should match snapshot 1`] = `
<input
  className="submitButton"
  type="submit"
  value="Search"
/>
`;
