// Jest Snapshot v1, https://goo.gl/fbAQLP

exports[`<PlayerFinderContainer /> Should match snapshot 1`] = `
<div
  className="section-container"
>
  <SectionTitle
    textToShow="Football Player Finder"
  />
  <ConnectFunction />
  <ConnectFunction />
</div>
`;
