// Jest Snapshot v1, https://goo.gl/fbAQLP

exports[`Should render an <h1> with a text inside 1`] = `
<h1>
  dummy title
</h1>
`;
